[ "TestSite", "Test content for saving" ]